// Jest Snapshot v1, https://goo.gl/fbAQLP

exports[`Details Component renders correctly 1`] = `
<DocumentFragment>
  <div
    class="not-found"
  >
    <h2>
      Country Not Found
    </h2>
    <button
      class="back-btn"
      type="button"
    >
      <svg
        fill="currentColor"
        height="1em"
        stroke="currentColor"
        stroke-width="0"
        viewBox="0 0 24 24"
        width="1em"
        xmlns="http://www.w3.org/2000/svg"
      >
        <path
          d="M21 11H6.414l5.293-5.293-1.414-1.414L2.586 12l7.707 7.707 1.414-1.414L6.414 13H21z"
        />
      </svg>
    </button>
  </div>
</DocumentFragment>
`;
